// Jest Snapshot v1, https://goo.gl/fbAQLP

exports[`Tests for Calculator component The Calculator snapshot should be the same each time 1`] = `
Object {
  "asFragment": [Function],
  "baseElement": <body>
    <div>
      <div
        class="container"
      >
        <h2
          class="caption"
        >
          Lets do some maths
        </h2>
        <div
          class="calculator"
        >
          <div
            class="display"
            data-testid="display"
          >
              
          </div>
          <button
            class="button"
            style="grid-column: span 1; background: rgba(34, 34, 34, 0.4); border-bottom-left-radius: 1rem;"
            type="button"
          >
            AC
          </button>
          <button
            class="button"
            style="grid-column: span 1; background: rgba(34, 34, 34, 0.4); border-bottom-left-radius: 1rem;"
            type="button"
          >
            +/-
          </button>
          <button
            class="button"
            style="grid-column: span 1; background: rgba(34, 34, 34, 0.4); border-bottom-left-radius: 1rem;"
            type="button"
          >
            %
          </button>
          <button
            class="button"
            style="grid-column: span 1; background: rgba(2, 48, 118, 0.702); border-bottom-left-radius: 1rem;"
            type="button"
          >
            รท
          </button>
          <button
            class="button"
            style="grid-column: span 1; background: rgba(34, 34, 34, 0.4); border-bottom-left-radius: 1rem;"
            type="button"
          >
            7
          </button>
          <button
            class="button"
            style="grid-column: span 1; background: rgba(34, 34, 34, 0.4); border-bottom-left-radius: 1rem;"
            type="button"
          >
            8
          </button>
          <button
            class="button"
            style="grid-column: span 1; background: rgba(34, 34, 34, 0.4); border-bottom-left-radius: 1rem;"
            type="button"
          >
            9
          </button>
          <button
            class="button"
            style="grid-column: span 1; background: rgba(2, 48, 118, 0.702); border-bottom-left-radius: 1rem;"
            type="button"
          >
            x
          </button>
          <button
            class="button"
            style="grid-column: span 1; background: rgba(34, 34, 34, 0.4); border-bottom-left-radius: 1rem;"
            type="button"
          >
            4
          </button>
          <button
            class="button"
            style="grid-column: span 1; background: rgba(34, 34, 34, 0.4); border-bottom-left-radius: 1rem;"
            type="button"
          >
            5
          </button>
          <button
            class="button"
            style="grid-column: span 1; background: rgba(34, 34, 34, 0.4); border-bottom-left-radius: 1rem;"
            type="button"
          >
            6
          </button>
          <button
            class="button"
            style="grid-column: span 1; background: rgba(2, 48, 118, 0.702); border-bottom-left-radius: 1rem;"
            type="button"
          >
            -
          </button>
          <button
            class="button"
            style="grid-column: span 1; background: rgba(34, 34, 34, 0.4); border-bottom-left-radius: 1rem;"
            type="button"
          >
            1
          </button>
          <button
            class="button"
            style="grid-column: span 1; background: rgba(34, 34, 34, 0.4); border-bottom-left-radius: 1rem;"
            type="button"
          >
            2
          </button>
          <button
            class="button"
            style="grid-column: span 1; background: rgba(34, 34, 34, 0.4); border-bottom-left-radius: 1rem;"
            type="button"
          >
            3
          </button>
          <button
            class="button"
            style="grid-column: span 1; background: rgba(2, 48, 118, 0.702); border-bottom-left-radius: 1rem;"
            type="button"
          >
            +
          </button>
          <button
            class="button"
            style="grid-column: span 2; background: rgba(34, 34, 34, 0.4); border-bottom-left-radius: 1rem;"
            type="button"
          >
            0
          </button>
          <button
            class="button"
            style="grid-column: span 1; background: rgba(34, 34, 34, 0.4); border-bottom-left-radius: 1rem;"
            type="button"
          >
            .
          </button>
          <button
            class="button"
            style="grid-column: span 1; background: rgba(2, 48, 118, 0.702); border-bottom-left-radius: 1rem;"
            type="button"
          >
            =
          </button>
        </div>
      </div>
    </div>
  </body>,
  "container": <div>
    <div
      class="container"
    >
      <h2
        class="caption"
      >
        Lets do some maths
      </h2>
      <div
        class="calculator"
      >
        <div
          class="display"
          data-testid="display"
        >
            
        </div>
        <button
          class="button"
          style="grid-column: span 1; background: rgba(34, 34, 34, 0.4); border-bottom-left-radius: 1rem;"
          type="button"
        >
          AC
        </button>
        <button
          class="button"
          style="grid-column: span 1; background: rgba(34, 34, 34, 0.4); border-bottom-left-radius: 1rem;"
          type="button"
        >
          +/-
        </button>
        <button
          class="button"
          style="grid-column: span 1; background: rgba(34, 34, 34, 0.4); border-bottom-left-radius: 1rem;"
          type="button"
        >
          %
        </button>
        <button
          class="button"
          style="grid-column: span 1; background: rgba(2, 48, 118, 0.702); border-bottom-left-radius: 1rem;"
          type="button"
        >
          รท
        </button>
        <button
          class="button"
          style="grid-column: span 1; background: rgba(34, 34, 34, 0.4); border-bottom-left-radius: 1rem;"
          type="button"
        >
          7
        </button>
        <button
          class="button"
          style="grid-column: span 1; background: rgba(34, 34, 34, 0.4); border-bottom-left-radius: 1rem;"
          type="button"
        >
          8
        </button>
        <button
          class="button"
          style="grid-column: span 1; background: rgba(34, 34, 34, 0.4); border-bottom-left-radius: 1rem;"
          type="button"
        >
          9
        </button>
        <button
          class="button"
          style="grid-column: span 1; background: rgba(2, 48, 118, 0.702); border-bottom-left-radius: 1rem;"
          type="button"
        >
          x
        </button>
        <button
          class="button"
          style="grid-column: span 1; background: rgba(34, 34, 34, 0.4); border-bottom-left-radius: 1rem;"
          type="button"
        >
          4
        </button>
        <button
          class="button"
          style="grid-column: span 1; background: rgba(34, 34, 34, 0.4); border-bottom-left-radius: 1rem;"
          type="button"
        >
          5
        </button>
        <button
          class="button"
          style="grid-column: span 1; background: rgba(34, 34, 34, 0.4); border-bottom-left-radius: 1rem;"
          type="button"
        >
          6
        </button>
        <button
          class="button"
          style="grid-column: span 1; background: rgba(2, 48, 118, 0.702); border-bottom-left-radius: 1rem;"
          type="button"
        >
          -
        </button>
        <button
          class="button"
          style="grid-column: span 1; background: rgba(34, 34, 34, 0.4); border-bottom-left-radius: 1rem;"
          type="button"
        >
          1
        </button>
        <button
          class="button"
          style="grid-column: span 1; background: rgba(34, 34, 34, 0.4); border-bottom-left-radius: 1rem;"
          type="button"
        >
          2
        </button>
        <button
          class="button"
          style="grid-column: span 1; background: rgba(34, 34, 34, 0.4); border-bottom-left-radius: 1rem;"
          type="button"
        >
          3
        </button>
        <button
          class="button"
          style="grid-column: span 1; background: rgba(2, 48, 118, 0.702); border-bottom-left-radius: 1rem;"
          type="button"
        >
          +
        </button>
        <button
          class="button"
          style="grid-column: span 2; background: rgba(34, 34, 34, 0.4); border-bottom-left-radius: 1rem;"
          type="button"
        >
          0
        </button>
        <button
          class="button"
          style="grid-column: span 1; background: rgba(34, 34, 34, 0.4); border-bottom-left-radius: 1rem;"
          type="button"
        >
          .
        </button>
        <button
          class="button"
          style="grid-column: span 1; background: rgba(2, 48, 118, 0.702); border-bottom-left-radius: 1rem;"
          type="button"
        >
          =
        </button>
      </div>
    </div>
  </div>,
  "debug": [Function],
  "findAllByAltText": [Function],
  "findAllByDisplayValue": [Function],
  "findAllByLabelText": [Function],
  "findAllByPlaceholderText": [Function],
  "findAllByRole": [Function],
  "findAllByTestId": [Function],
  "findAllByText": [Function],
  "findAllByTitle": [Function],
  "findByAltText": [Function],
  "findByDisplayValue": [Function],
  "findByLabelText": [Function],
  "findByPlaceholderText": [Function],
  "findByRole": [Function],
  "findByTestId": [Function],
  "findByText": [Function],
  "findByTitle": [Function],
  "getAllByAltText": [Function],
  "getAllByDisplayValue": [Function],
  "getAllByLabelText": [Function],
  "getAllByPlaceholderText": [Function],
  "getAllByRole": [Function],
  "getAllByTestId": [Function],
  "getAllByText": [Function],
  "getAllByTitle": [Function],
  "getByAltText": [Function],
  "getByDisplayValue": [Function],
  "getByLabelText": [Function],
  "getByPlaceholderText": [Function],
  "getByRole": [Function],
  "getByTestId": [Function],
  "getByText": [Function],
  "getByTitle": [Function],
  "queryAllByAltText": [Function],
  "queryAllByDisplayValue": [Function],
  "queryAllByLabelText": [Function],
  "queryAllByPlaceholderText": [Function],
  "queryAllByRole": [Function],
  "queryAllByTestId": [Function],
  "queryAllByText": [Function],
  "queryAllByTitle": [Function],
  "queryByAltText": [Function],
  "queryByDisplayValue": [Function],
  "queryByLabelText": [Function],
  "queryByPlaceholderText": [Function],
  "queryByRole": [Function],
  "queryByTestId": [Function],
  "queryByText": [Function],
  "queryByTitle": [Function],
  "rerender": [Function],
  "unmount": [Function],
}
`;
