// Jest Snapshot v1, https://goo.gl/fbAQLP

exports[`Unit tests for Quote component Quote component should be rendered correctly with all its elements 1`] = `
Object {
  "asFragment": [Function],
  "baseElement": <body>
    <div>
      <div
        style="display: flex; justify-content: center; align-items: center; height: 90vh; animation: appear 0.5s ease-in 1 forwards;"
      >
        <div
          style="display: flex; flex-direction: column; justify-content: center; align-items: center;"
        >
          <h1
            style="font-family: cursive; color: rgb(255, 255, 255); filter: drop-shadow(0.2rem 0.2rem 0.3rem #77c); text-shadow: 0.1rem 0.1rem 0.1rem black; padding: 1rem 2rem; text-align: center;"
          >
            Loading...
          </h1>
          <cite
            style="padding: 1rem; margin-top: 1rem; color: rgb(0, 161, 255); filter: drop-shadow(0.2rem 0.2rem 0.3rem #000); text-shadow: 0.1rem 0.1rem 0.5rem #333;"
          />
        </div>
      </div>
    </div>
  </body>,
  "container": <div>
    <div
      style="display: flex; justify-content: center; align-items: center; height: 90vh; animation: appear 0.5s ease-in 1 forwards;"
    >
      <div
        style="display: flex; flex-direction: column; justify-content: center; align-items: center;"
      >
        <h1
          style="font-family: cursive; color: rgb(255, 255, 255); filter: drop-shadow(0.2rem 0.2rem 0.3rem #77c); text-shadow: 0.1rem 0.1rem 0.1rem black; padding: 1rem 2rem; text-align: center;"
        >
          Loading...
        </h1>
        <cite
          style="padding: 1rem; margin-top: 1rem; color: rgb(0, 161, 255); filter: drop-shadow(0.2rem 0.2rem 0.3rem #000); text-shadow: 0.1rem 0.1rem 0.5rem #333;"
        />
      </div>
    </div>
  </div>,
  "debug": [Function],
  "findAllByAltText": [Function],
  "findAllByDisplayValue": [Function],
  "findAllByLabelText": [Function],
  "findAllByPlaceholderText": [Function],
  "findAllByRole": [Function],
  "findAllByTestId": [Function],
  "findAllByText": [Function],
  "findAllByTitle": [Function],
  "findByAltText": [Function],
  "findByDisplayValue": [Function],
  "findByLabelText": [Function],
  "findByPlaceholderText": [Function],
  "findByRole": [Function],
  "findByTestId": [Function],
  "findByText": [Function],
  "findByTitle": [Function],
  "getAllByAltText": [Function],
  "getAllByDisplayValue": [Function],
  "getAllByLabelText": [Function],
  "getAllByPlaceholderText": [Function],
  "getAllByRole": [Function],
  "getAllByTestId": [Function],
  "getAllByText": [Function],
  "getAllByTitle": [Function],
  "getByAltText": [Function],
  "getByDisplayValue": [Function],
  "getByLabelText": [Function],
  "getByPlaceholderText": [Function],
  "getByRole": [Function],
  "getByTestId": [Function],
  "getByText": [Function],
  "getByTitle": [Function],
  "queryAllByAltText": [Function],
  "queryAllByDisplayValue": [Function],
  "queryAllByLabelText": [Function],
  "queryAllByPlaceholderText": [Function],
  "queryAllByRole": [Function],
  "queryAllByTestId": [Function],
  "queryAllByText": [Function],
  "queryAllByTitle": [Function],
  "queryByAltText": [Function],
  "queryByDisplayValue": [Function],
  "queryByLabelText": [Function],
  "queryByPlaceholderText": [Function],
  "queryByRole": [Function],
  "queryByTestId": [Function],
  "queryByText": [Function],
  "queryByTitle": [Function],
  "rerender": [Function],
  "unmount": [Function],
}
`;
